2026-06-07 14:34:06,244 - INFO - PIPELINE START
2026-06-07 14:34:06,244 - INFO - EXTRACT START
2026-06-07 14:34:07,061 - INFO - Extracted 50 records
2026-06-07 14:34:07,118 - INFO - TRANSFORM START
2026-06-07 14:34:07,138 - INFO - TRANSFORM COMPLETE
2026-06-07 14:34:07,138 - INFO - VALIDATION START
2026-06-07 14:34:07,141 - INFO - VALIDATION PASSED
2026-06-07 14:34:07,141 - INFO - LOAD START
2026-06-07 14:34:07,669 - INFO - LOAD COMPLETE
2026-06-07 14:34:07,684 - INFO - CSV EXPORT COMPLETE
2026-06-07 14:34:07,687 - INFO - PIPELINE COMPLETED SUCCESSFULLY
2026-06-10 17:33:23,630 - INFO - PIPELINE START
2026-06-10 17:33:23,631 - INFO - EXTRACT START
2026-06-10 17:33:24,345 - INFO - Extracted 50 records
2026-06-10 17:33:24,347 - INFO - TRANSFORM START
2026-06-10 17:33:24,367 - INFO - TRANSFORM COMPLETE
2026-06-10 17:33:24,369 - INFO - VALIDATION START
2026-06-10 17:33:24,380 - INFO - VALIDATION PASSED
2026-06-10 17:33:24,380 - INFO - LOAD START
2026-06-10 17:33:24,969 - INFO - LOAD COMPLETE
2026-06-10 17:33:24,983 - INFO - CSV EXPORT COMPLETE
2026-06-10 17:33:24,984 - INFO - PIPELINE COMPLETED SUCCESSFULLY
